core_cm4.h:1939:34:__NVIC_SystemReset	4	static,ignoring_inline_asm
main.c:156:6:HAL_UART_TxCpltCallback	16	static
main.c:164:6:HAL_UART_RxCpltCallback	16	static
main.c:188:5:main	232	static,ignoring_inline_asm
main.c:476:6:SystemClock_Config	88	static
main.c:525:13:MX_IWDG_Init	4	static
main.c:553:13:MX_RTC_Init	32	static
main.c:616:13:MX_SPI2_Init	8	static
main.c:654:13:MX_USART3_UART_Init	8	static
main.c:685:13:MX_DMA_Init	16	static
main.c:706:13:MX_GPIO_Init	64	static
main.c:864:6:Callback_AT_Timer	16	static
main.c:871:6:Callback_Ring_Center_Timer	16	static
main.c:893:6:StartDefaultTask	16	static
main.c:916:6:HAL_TIM_PeriodElapsedCallback	16	static
main.c:933:6:Error_Handler	8	static
